Archive member included because of file (symbol)

c:/winavr-20100110/bin/../lib/gcc/avr/4.3.3/avr5\libgcc.a(_mulsi3.o)
                              ds18x20.o (__mulsi3)
c:/winavr-20100110/bin/../lib/gcc/avr/4.3.3/avr5\libgcc.a(_divmodhi4.o)
                              ds18x20.o (__divmodhi4)
c:/winavr-20100110/bin/../lib/gcc/avr/4.3.3/avr5\libgcc.a(_divmodsi4.o)
                              ds18x20.o (__divmodsi4)
c:/winavr-20100110/bin/../lib/gcc/avr/4.3.3/avr5\libgcc.a(_exit.o)
                              c:/winavr-20100110/bin/../lib/gcc/avr/4.3.3/../../../../avr/lib/avr5/crtm324p.o (exit)
c:/winavr-20100110/bin/../lib/gcc/avr/4.3.3/avr5\libgcc.a(_copy_data.o)
                              ds18x20.o (__do_copy_data)
c:/winavr-20100110/bin/../lib/gcc/avr/4.3.3/avr5\libgcc.a(_clear_bss.o)
                              uart.o (__do_clear_bss)
c:/winavr-20100110/bin/../lib/gcc/avr/4.3.3/avr5\libgcc.a(_udivmodhi4.o)
                              c:/winavr-20100110/bin/../lib/gcc/avr/4.3.3/avr5\libgcc.a(_divmodhi4.o) (__udivmodhi4)
c:/winavr-20100110/bin/../lib/gcc/avr/4.3.3/avr5\libgcc.a(_udivmodsi4.o)
                              c:/winavr-20100110/bin/../lib/gcc/avr/4.3.3/avr5\libgcc.a(_divmodsi4.o) (__udivmodsi4)
c:/winavr-20100110/bin/../lib/gcc/avr/4.3.3/../../../../avr/lib/avr5\libc.a(itoa.o)
                              ds18x20.o (itoa)
c:/winavr-20100110/bin/../lib/gcc/avr/4.3.3/../../../../avr/lib/avr5\libc.a(ltoa.o)
                              uart_addon.o (ltoa)
c:/winavr-20100110/bin/../lib/gcc/avr/4.3.3/../../../../avr/lib/avr5\libc.a(utoa.o)
                              uart_addon.o (utoa)
c:/winavr-20100110/bin/../lib/gcc/avr/4.3.3/../../../../avr/lib/avr5\libc.a(strrev.o)
                              c:/winavr-20100110/bin/../lib/gcc/avr/4.3.3/../../../../avr/lib/avr5\libc.a(itoa.o) (strrev)

Allocating common symbols
Common symbol       size              file

OW_OUT              0x2               onewire.o
OW_PIN_MASK         0x1               onewire.o
OW_IN               0x2               onewire.o
OW_DDR              0x2               onewire.o
gSensorIDs          0x28              main.o

Discarded input sections

 .data          0x00000000        0x0 c:/winavr-20100110/bin/../lib/gcc/avr/4.3.3/../../../../avr/lib/avr5/crtm324p.o
 .bss           0x00000000        0x0 c:/winavr-20100110/bin/../lib/gcc/avr/4.3.3/../../../../avr/lib/avr5/crtm324p.o
 .text          0x00000000        0x0 uart.o
 .data          0x00000000        0x0 uart.o
 .bss           0x00000000        0x0 uart.o
 .text.uart_getc
                0x00000000        0x0 uart.o
 .text.uart1_init
                0x00000000        0x0 uart.o
 .text.uart1_getc
                0x00000000        0x0 uart.o
 .text.uart1_putc
                0x00000000        0x0 uart.o
 .text.uart1_puts
                0x00000000        0x0 uart.o
 .text.uart1_puts_p
                0x00000000        0x0 uart.o
 .text          0x00000000        0x0 crc8.o
 .data          0x00000000        0x0 crc8.o
 .bss           0x00000000        0x0 crc8.o
 .text          0x00000000        0x0 ds18x20.o
 .bss           0x00000000        0x0 ds18x20.o
 .text.DS18X20_conversion_in_progress
                0x00000000        0x0 ds18x20.o
 .text.DS18X20_read_maxres_single
                0x00000000        0x0 ds18x20.o
 .text          0x00000000        0x0 main.o
 .data          0x00000000        0x0 main.o
 .bss           0x00000000        0x0 main.o
 .text          0x00000000        0x0 onewire.o
 .data          0x00000000        0x0 onewire.o
 .bss           0x00000000        0x0 onewire.o
 .text          0x00000000        0x0 uart_addon.o
 .data          0x00000000        0x0 uart_addon.o
 .bss           0x00000000        0x0 uart_addon.o
 .text.uart_putbin_byte
                0x00000000        0x0 uart_addon.o
 .text.uart_puthex_long
                0x00000000        0x0 uart_addon.o
 .text.uart_put_ulongint
                0x00000000        0x0 uart_addon.o
 .text          0x00000000        0x0 c:/winavr-20100110/bin/../lib/gcc/avr/4.3.3/avr5\libgcc.a(_mulsi3.o)
 .data          0x00000000        0x0 c:/winavr-20100110/bin/../lib/gcc/avr/4.3.3/avr5\libgcc.a(_mulsi3.o)
 .bss           0x00000000        0x0 c:/winavr-20100110/bin/../lib/gcc/avr/4.3.3/avr5\libgcc.a(_mulsi3.o)
 .text          0x00000000        0x0 c:/winavr-20100110/bin/../lib/gcc/avr/4.3.3/avr5\libgcc.a(_divmodhi4.o)
 .data          0x00000000        0x0 c:/winavr-20100110/bin/../lib/gcc/avr/4.3.3/avr5\libgcc.a(_divmodhi4.o)
 .bss           0x00000000        0x0 c:/winavr-20100110/bin/../lib/gcc/avr/4.3.3/avr5\libgcc.a(_divmodhi4.o)
 .text          0x00000000        0x0 c:/winavr-20100110/bin/../lib/gcc/avr/4.3.3/avr5\libgcc.a(_divmodsi4.o)
 .data          0x00000000        0x0 c:/winavr-20100110/bin/../lib/gcc/avr/4.3.3/avr5\libgcc.a(_divmodsi4.o)
 .bss           0x00000000        0x0 c:/winavr-20100110/bin/../lib/gcc/avr/4.3.3/avr5\libgcc.a(_divmodsi4.o)
 .text          0x00000000        0x0 c:/winavr-20100110/bin/../lib/gcc/avr/4.3.3/avr5\libgcc.a(_exit.o)
 .data          0x00000000        0x0 c:/winavr-20100110/bin/../lib/gcc/avr/4.3.3/avr5\libgcc.a(_exit.o)
 .bss           0x00000000        0x0 c:/winavr-20100110/bin/../lib/gcc/avr/4.3.3/avr5\libgcc.a(_exit.o)
 .text.libgcc   0x00000000        0x0 c:/winavr-20100110/bin/../lib/gcc/avr/4.3.3/avr5\libgcc.a(_exit.o)
 .text          0x00000000        0x0 c:/winavr-20100110/bin/../lib/gcc/avr/4.3.3/avr5\libgcc.a(_copy_data.o)
 .data          0x00000000        0x0 c:/winavr-20100110/bin/../lib/gcc/avr/4.3.3/avr5\libgcc.a(_copy_data.o)
 .bss           0x00000000        0x0 c:/winavr-20100110/bin/../lib/gcc/avr/4.3.3/avr5\libgcc.a(_copy_data.o)
 .text.libgcc   0x00000000        0x0 c:/winavr-20100110/bin/../lib/gcc/avr/4.3.3/avr5\libgcc.a(_copy_data.o)
 .text          0x00000000        0x0 c:/winavr-20100110/bin/../lib/gcc/avr/4.3.3/avr5\libgcc.a(_clear_bss.o)
 .data          0x00000000        0x0 c:/winavr-20100110/bin/../lib/gcc/avr/4.3.3/avr5\libgcc.a(_clear_bss.o)
 .bss           0x00000000        0x0 c:/winavr-20100110/bin/../lib/gcc/avr/4.3.3/avr5\libgcc.a(_clear_bss.o)
 .text.libgcc   0x00000000        0x0 c:/winavr-20100110/bin/../lib/gcc/avr/4.3.3/avr5\libgcc.a(_clear_bss.o)
 .text          0x00000000        0x0 c:/winavr-20100110/bin/../lib/gcc/avr/4.3.3/avr5\libgcc.a(_udivmodhi4.o)
 .data          0x00000000        0x0 c:/winavr-20100110/bin/../lib/gcc/avr/4.3.3/avr5\libgcc.a(_udivmodhi4.o)
 .bss           0x00000000        0x0 c:/winavr-20100110/bin/../lib/gcc/avr/4.3.3/avr5\libgcc.a(_udivmodhi4.o)
 .text          0x00000000        0x0 c:/winavr-20100110/bin/../lib/gcc/avr/4.3.3/avr5\libgcc.a(_udivmodsi4.o)
 .data          0x00000000        0x0 c:/winavr-20100110/bin/../lib/gcc/avr/4.3.3/avr5\libgcc.a(_udivmodsi4.o)
 .bss           0x00000000        0x0 c:/winavr-20100110/bin/../lib/gcc/avr/4.3.3/avr5\libgcc.a(_udivmodsi4.o)
 .text          0x00000000        0x0 c:/winavr-20100110/bin/../lib/gcc/avr/4.3.3/../../../../avr/lib/avr5\libc.a(itoa.o)
 .data          0x00000000        0x0 c:/winavr-20100110/bin/../lib/gcc/avr/4.3.3/../../../../avr/lib/avr5\libc.a(itoa.o)
 .bss           0x00000000        0x0 c:/winavr-20100110/bin/../lib/gcc/avr/4.3.3/../../../../avr/lib/avr5\libc.a(itoa.o)
 .text          0x00000000        0x0 c:/winavr-20100110/bin/../lib/gcc/avr/4.3.3/../../../../avr/lib/avr5\libc.a(ltoa.o)
 .data          0x00000000        0x0 c:/winavr-20100110/bin/../lib/gcc/avr/4.3.3/../../../../avr/lib/avr5\libc.a(ltoa.o)
 .bss           0x00000000        0x0 c:/winavr-20100110/bin/../lib/gcc/avr/4.3.3/../../../../avr/lib/avr5\libc.a(ltoa.o)
 .text          0x00000000        0x0 c:/winavr-20100110/bin/../lib/gcc/avr/4.3.3/../../../../avr/lib/avr5\libc.a(utoa.o)
 .data          0x00000000        0x0 c:/winavr-20100110/bin/../lib/gcc/avr/4.3.3/../../../../avr/lib/avr5\libc.a(utoa.o)
 .bss           0x00000000        0x0 c:/winavr-20100110/bin/../lib/gcc/avr/4.3.3/../../../../avr/lib/avr5\libc.a(utoa.o)
 .text.avr-libc
                0x00000000        0x0 c:/winavr-20100110/bin/../lib/gcc/avr/4.3.3/../../../../avr/lib/avr5\libc.a(utoa.o)
 .text          0x00000000        0x0 c:/winavr-20100110/bin/../lib/gcc/avr/4.3.3/../../../../avr/lib/avr5\libc.a(strrev.o)
 .data          0x00000000        0x0 c:/winavr-20100110/bin/../lib/gcc/avr/4.3.3/../../../../avr/lib/avr5\libc.a(strrev.o)
 .bss           0x00000000        0x0 c:/winavr-20100110/bin/../lib/gcc/avr/4.3.3/../../../../avr/lib/avr5\libc.a(strrev.o)

Memory Configuration

Name             Origin             Length             Attributes
text             0x00000000         0x00020000         xr
data             0x00800060         0x0000ffa0         rw !x
eeprom           0x00810000         0x00010000         rw !x
fuse             0x00820000         0x00000400         rw !x
lock             0x00830000         0x00000400         rw !x
signature        0x00840000         0x00000400         rw !x
*default*        0x00000000         0xffffffff

Linker script and memory map

Address of section .data set to 0x800100
LOAD c:/winavr-20100110/bin/../lib/gcc/avr/4.3.3/../../../../avr/lib/avr5/crtm324p.o
LOAD uart.o
LOAD crc8.o
LOAD ds18x20.o
LOAD main.o
LOAD onewire.o
LOAD uart_addon.o
LOAD c:/winavr-20100110/bin/../lib/gcc/avr/4.3.3/../../../../avr/lib/avr5\libm.a
LOAD c:/winavr-20100110/bin/../lib/gcc/avr/4.3.3/avr5\libgcc.a
LOAD c:/winavr-20100110/bin/../lib/gcc/avr/4.3.3/../../../../avr/lib/avr5\libc.a
LOAD c:/winavr-20100110/bin/../lib/gcc/avr/4.3.3/avr5\libgcc.a

.hash
 *(.hash)

.dynsym
 *(.dynsym)

.dynstr
 *(.dynstr)

.gnu.version
 *(.gnu.version)

.gnu.version_d
 *(.gnu.version_d)

.gnu.version_r
 *(.gnu.version_r)

.rel.init
 *(.rel.init)

.rela.init
 *(.rela.init)

.rel.text
 *(.rel.text)
 *(.rel.text.*)
 *(.rel.gnu.linkonce.t*)

.rela.text
 *(.rela.text)
 *(.rela.text.*)
 *(.rela.gnu.linkonce.t*)

.rel.fini
 *(.rel.fini)

.rela.fini
 *(.rela.fini)

.rel.rodata
 *(.rel.rodata)
 *(.rel.rodata.*)
 *(.rel.gnu.linkonce.r*)

.rela.rodata
 *(.rela.rodata)
 *(.rela.rodata.*)
 *(.rela.gnu.linkonce.r*)

.rel.data
 *(.rel.data)
 *(.rel.data.*)
 *(.rel.gnu.linkonce.d*)

.rela.data
 *(.rela.data)
 *(.rela.data.*)
 *(.rela.gnu.linkonce.d*)

.rel.ctors
 *(.rel.ctors)

.rela.ctors
 *(.rela.ctors)

.rel.dtors
 *(.rel.dtors)

.rela.dtors
 *(.rela.dtors)

.rel.got
 *(.rel.got)

.rela.got
 *(.rela.got)

.rel.bss
 *(.rel.bss)

.rela.bss
 *(.rela.bss)

.rel.plt
 *(.rel.plt)

.rela.plt
 *(.rela.plt)

.text           0x00000000     0x1fce
 *(.vectors)
 .vectors       0x00000000       0x7c c:/winavr-20100110/bin/../lib/gcc/avr/4.3.3/../../../../avr/lib/avr5/crtm324p.o
                0x00000000                __vectors
                0x00000000                __vector_default
 *(.vectors)
 *(.progmem.gcc*)
 *(.progmem*)
 .progmem.data  0x0000007c      0x1bd ds18x20.o
 .progmem.data  0x00000239      0x43b main.o
                0x00000674                . = ALIGN (0x2)
                0x00000674                __trampolines_start = .
 *(.trampolines)
 .trampolines   0x00000674        0x0 linker stubs
 *(.trampolines*)
                0x00000674                __trampolines_end = .
 *(.jumptables)
 *(.jumptables*)
 *(.lowtext)
 *(.lowtext*)
                0x00000674                __ctors_start = .
 *(.ctors)
                0x00000674                __ctors_end = .
                0x00000674                __dtors_start = .
 *(.dtors)
                0x00000674                __dtors_end = .
 SORT(*)(.ctors)
 SORT(*)(.dtors)
 *(.init0)
 .init0         0x00000674        0x0 c:/winavr-20100110/bin/../lib/gcc/avr/4.3.3/../../../../avr/lib/avr5/crtm324p.o
                0x00000674                __init
 *(.init0)
 *(.init1)
 *(.init1)
 *(.init2)
 .init2         0x00000674        0xc c:/winavr-20100110/bin/../lib/gcc/avr/4.3.3/../../../../avr/lib/avr5/crtm324p.o
 *(.init2)
 *(.init3)
 *(.init3)
 *(.init4)
 .init4         0x00000680       0x16 c:/winavr-20100110/bin/../lib/gcc/avr/4.3.3/avr5\libgcc.a(_copy_data.o)
                0x00000680                __do_copy_data
 .init4         0x00000696       0x10 c:/winavr-20100110/bin/../lib/gcc/avr/4.3.3/avr5\libgcc.a(_clear_bss.o)
                0x00000696                __do_clear_bss
 *(.init4)
 *(.init5)
 *(.init5)
 *(.init6)
 *(.init6)
 *(.init7)
 *(.init7)
 *(.init8)
 *(.init8)
 *(.init9)
 .init9         0x000006a6        0x8 c:/winavr-20100110/bin/../lib/gcc/avr/4.3.3/../../../../avr/lib/avr5/crtm324p.o
 *(.init9)
 *(.text)
 .text          0x000006ae        0x4 c:/winavr-20100110/bin/../lib/gcc/avr/4.3.3/../../../../avr/lib/avr5/crtm324p.o
                0x000006ae                __vector_22
                0x000006ae                __vector_1
                0x000006ae                __vector_24
                0x000006ae                __vector_12
                0x000006ae                __bad_interrupt
                0x000006ae                __vector_6
                0x000006ae                __vector_3
                0x000006ae                __vector_23
                0x000006ae                __vector_30
                0x000006ae                __vector_25
                0x000006ae                __vector_11
                0x000006ae                __vector_13
                0x000006ae                __vector_17
                0x000006ae                __vector_19
                0x000006ae                __vector_7
                0x000006ae                __vector_27
                0x000006ae                __vector_5
                0x000006ae                __vector_4
                0x000006ae                __vector_9
                0x000006ae                __vector_2
                0x000006ae                __vector_15
                0x000006ae                __vector_8
                0x000006ae                __vector_26
                0x000006ae                __vector_14
                0x000006ae                __vector_10
                0x000006ae                __vector_16
                0x000006ae                __vector_18
                0x000006b2                . = ALIGN (0x2)
 *(.text.*)
 .text.__vector_20
                0x000006b2       0x58 uart.o
                0x000006b2                __vector_20
 .text.__vector_21
                0x0000070a       0x54 uart.o
                0x0000070a                __vector_21
 .text.uart_init
                0x0000075e       0x34 uart.o
                0x0000075e                uart_init
 .text.uart_putc
                0x00000792       0x2c uart.o
                0x00000792                uart_putc
 .text.uart_puts
                0x000007be       0x1a uart.o
                0x000007be                uart_puts
 .text.uart_puts_p
                0x000007d8       0x1c uart.o
                0x000007d8                uart_puts_p
 .text.__vector_28
                0x000007f4       0x58 uart.o
                0x000007f4                __vector_28
 .text.__vector_29
                0x0000084c       0x54 uart.o
                0x0000084c                __vector_29
 .text.crc8     0x000008a0       0x40 crc8.o
                0x000008a0                crc8
 .text.DS18X20_raw_to_decicelsius
                0x000008e0       0xda ds18x20.o
 .text.DS18X20_raw_to_maxres
                0x000009ba       0xd2 ds18x20.o
 .text.DS18X20_get_power_status
                0x00000a8c       0x2a ds18x20.o
                0x00000a8c                DS18X20_get_power_status
 .text.DS18X20_eeprom_to_scratchpad
                0x00000ab6       0x4e ds18x20.o
                0x00000ab6                DS18X20_eeprom_to_scratchpad
 .text.DS18X20_start_meas
                0x00000b04       0x42 ds18x20.o
                0x00000b04                DS18X20_start_meas
 .text.DS18X20_scratchpad_to_eeprom
                0x00000b46       0x52 ds18x20.o
                0x00000b46                DS18X20_scratchpad_to_eeprom
 .text.read_scratchpad
                0x00000b98       0x52 ds18x20.o
 .text.DS18X20_read_scratchpad
                0x00000bea       0x3e ds18x20.o
                0x00000bea                DS18X20_read_scratchpad
 .text.DS18X20_read_maxres
                0x00000c28       0x78 ds18x20.o
                0x00000c28                DS18X20_read_maxres
 .text.DS18X20_read_decicelsius_single
                0x00000ca0       0x6c ds18x20.o
                0x00000ca0                DS18X20_read_decicelsius_single
 .text.DS18X20_read_decicelsius
                0x00000d0c       0x74 ds18x20.o
                0x00000d0c                DS18X20_read_decicelsius
 .text.DS18X20_write_scratchpad
                0x00000d80       0x5c ds18x20.o
                0x00000d80                DS18X20_write_scratchpad
 .text.DS18X20_format_from_maxres
                0x00000ddc      0x174 ds18x20.o
                0x00000ddc                DS18X20_format_from_maxres
 .text.DS18X20_format_from_decicelsius
                0x00000f50       0xf0 ds18x20.o
                0x00000f50                DS18X20_format_from_decicelsius
 .text.DS18X20_find_sensor
                0x00001040       0x3e ds18x20.o
                0x00001040                DS18X20_find_sensor
 .text.DS18X20_show_id_uart
                0x0000107e       0xc0 ds18x20.o
                0x0000107e                DS18X20_show_id_uart
 .text.DS18X20_read_meas_all_verbose
                0x0000113e      0x320 ds18x20.o
                0x0000113e                DS18X20_read_meas_all_verbose
 .text.th_tl_dump
                0x0000145e       0x44 main.o
 .text.uart_put_temp
                0x000014a2       0x5a main.o
 .text.search_sensors
                0x000014fc       0xce main.o
 .text.main     0x000015ca      0x474 main.o
                0x000015ca                main
 .text.ow_input_pin_state
                0x00001a3e       0x12 onewire.o
                0x00001a3e                ow_input_pin_state
 .text.ow_parasite_enable
                0x00001a50       0x26 onewire.o
                0x00001a50                ow_parasite_enable
 .text.ow_parasite_disable
                0x00001a76       0x16 onewire.o
                0x00001a76                ow_parasite_disable
 .text.ow_reset
                0x00001a8c       0x94 onewire.o
                0x00001a8c                ow_reset
 .text.ow_set_bus
                0x00001b20       0x30 onewire.o
                0x00001b20                ow_set_bus
 .text.ow_bit_io_intern
                0x00001b50       0xba onewire.o
 .text.ow_bit_io
                0x00001c0a        0xa onewire.o
                0x00001c0a                ow_bit_io
 .text.ow_byte_wr
                0x00001c14       0x22 onewire.o
                0x00001c14                ow_byte_wr
 .text.ow_byte_wr_with_parasite_enable
                0x00001c36       0x2c onewire.o
                0x00001c36                ow_byte_wr_with_parasite_enable
 .text.ow_byte_rd
                0x00001c62        0x8 onewire.o
                0x00001c62                ow_byte_rd
 .text.ow_rom_search
                0x00001c6a       0x98 onewire.o
                0x00001c6a                ow_rom_search
 .text.ow_command_intern
                0x00001d02       0x50 onewire.o
 .text.ow_command
                0x00001d52        0x8 onewire.o
                0x00001d52                ow_command
 .text.ow_command_with_parasite_enable
                0x00001d5a        0x8 onewire.o
                0x00001d5a                ow_command_with_parasite_enable
 .text.uart_puthex_nibble
                0x00001d62       0x12 uart_addon.o
                0x00001d62                uart_puthex_nibble
 .text.uart_puthex_byte
                0x00001d74       0x16 uart_addon.o
                0x00001d74                uart_puthex_byte
 .text.uart_put_longint
                0x00001d8a       0x38 uart_addon.o
                0x00001d8a                uart_put_longint
 .text.uart_put_int
                0x00001dc2       0x38 uart_addon.o
                0x00001dc2                uart_put_int
 .text.libgcc   0x00001dfa       0x3e c:/winavr-20100110/bin/../lib/gcc/avr/4.3.3/avr5\libgcc.a(_mulsi3.o)
                0x00001dfa                __mulsi3
 .text.libgcc   0x00001e38       0x26 c:/winavr-20100110/bin/../lib/gcc/avr/4.3.3/avr5\libgcc.a(_divmodhi4.o)
                0x00001e38                __divmodhi4
                0x00001e38                _div
 .text.libgcc   0x00001e5e       0x36 c:/winavr-20100110/bin/../lib/gcc/avr/4.3.3/avr5\libgcc.a(_divmodsi4.o)
                0x00001e5e                __divmodsi4
 .text.libgcc   0x00001e94       0x28 c:/winavr-20100110/bin/../lib/gcc/avr/4.3.3/avr5\libgcc.a(_udivmodhi4.o)
                0x00001e94                __udivmodhi4
 .text.libgcc   0x00001ebc       0x44 c:/winavr-20100110/bin/../lib/gcc/avr/4.3.3/avr5\libgcc.a(_udivmodsi4.o)
                0x00001ebc                __udivmodsi4
 .text.avr-libc
                0x00001f00       0x42 c:/winavr-20100110/bin/../lib/gcc/avr/4.3.3/../../../../avr/lib/avr5\libc.a(itoa.o)
                0x00001f00                itoa
 .text.avr-libc
                0x00001f42       0x68 c:/winavr-20100110/bin/../lib/gcc/avr/4.3.3/../../../../avr/lib/avr5\libc.a(ltoa.o)
                0x00001f42                ltoa
 .text.avr-libc
                0x00001faa       0x20 c:/winavr-20100110/bin/../lib/gcc/avr/4.3.3/../../../../avr/lib/avr5\libc.a(strrev.o)
                0x00001faa                strrev
                0x00001fca                . = ALIGN (0x2)
 *(.fini9)
 .fini9         0x00001fca        0x0 c:/winavr-20100110/bin/../lib/gcc/avr/4.3.3/avr5\libgcc.a(_exit.o)
                0x00001fca                exit
                0x00001fca                _exit
 *(.fini9)
 *(.fini8)
 *(.fini8)
 *(.fini7)
 *(.fini7)
 *(.fini6)
 *(.fini6)
 *(.fini5)
 *(.fini5)
 *(.fini4)
 *(.fini4)
 *(.fini3)
 *(.fini3)
 *(.fini2)
 *(.fini2)
 *(.fini1)
 *(.fini1)
 *(.fini0)
 .fini0         0x00001fca        0x4 c:/winavr-20100110/bin/../lib/gcc/avr/4.3.3/avr5\libgcc.a(_exit.o)
 *(.fini0)
                0x00001fce                _etext = .

.data           0x00800100        0x2 load address 0x00001fce
                0x00800100                PROVIDE (__data_start, .)
 *(.data)
 .data          0x00800100        0x2 ds18x20.o
 *(.data*)
 *(.rodata)
 *(.rodata*)
 *(.gnu.linkonce.d*)
                0x00800102                . = ALIGN (0x2)
                0x00800102                _edata = .
                0x00800102                PROVIDE (__data_end, .)

.bss            0x00800102       0xb9
                0x00800102                PROVIDE (__bss_start, .)
 *(.bss)
 *(.bss*)
 .bss.UART_TxBuf
                0x00800102       0x20 uart.o
 .bss.UART_RxBuf
                0x00800122       0x20 uart.o
 .bss.UART_TxHead
                0x00800142        0x1 uart.o
 .bss.UART_TxTail
                0x00800143        0x1 uart.o
 .bss.UART_RxHead
                0x00800144        0x1 uart.o
 .bss.UART_RxTail
                0x00800145        0x1 uart.o
 .bss.UART_LastRxError
                0x00800146        0x1 uart.o
 .bss.UART1_TxBuf
                0x00800147       0x20 uart.o
 .bss.UART1_RxBuf
                0x00800167       0x20 uart.o
 .bss.UART1_TxHead
                0x00800187        0x1 uart.o
 .bss.UART1_TxTail
                0x00800188        0x1 uart.o
 .bss.UART1_RxHead
                0x00800189        0x1 uart.o
 .bss.UART1_RxTail
                0x0080018a        0x1 uart.o
 .bss.UART1_LastRxError
                0x0080018b        0x1 uart.o
 *(COMMON)
 COMMON         0x0080018c       0x28 main.o
                0x0080018c                gSensorIDs
 COMMON         0x008001b4        0x7 onewire.o
                0x008001b4                OW_OUT
                0x008001b6                OW_PIN_MASK
                0x008001b7                OW_IN
                0x008001b9                OW_DDR
                0x008001bb                PROVIDE (__bss_end, .)
                0x00001fce                __data_load_start = LOADADDR (.data)
                0x00001fd0                __data_load_end = (__data_load_start + SIZEOF (.data))

.noinit         0x008001bb        0x0
                0x008001bb                PROVIDE (__noinit_start, .)
 *(.noinit*)
                0x008001bb                PROVIDE (__noinit_end, .)
                0x008001bb                _end = .
                0x008001bb                PROVIDE (__heap_start, .)

.eeprom         0x00810000        0x0
 *(.eeprom*)
                0x00810000                __eeprom_end = .

.fuse
 *(.fuse)
 *(.lfuse)
 *(.hfuse)
 *(.efuse)

.lock
 *(.lock*)

.signature
 *(.signature*)

.stab
 *(.stab)

.stabstr
 *(.stabstr)

.stab.excl
 *(.stab.excl)

.stab.exclstr
 *(.stab.exclstr)

.stab.index
 *(.stab.index)

.stab.indexstr
 *(.stab.indexstr)

.comment
 *(.comment)

.debug
 *(.debug)

.line
 *(.line)

.debug_srcinfo
 *(.debug_srcinfo)

.debug_sfnames
 *(.debug_sfnames)

.debug_aranges  0x00000000      0x268
 *(.debug_aranges)
 .debug_aranges
                0x00000000       0x88 uart.o
 .debug_aranges
                0x00000088       0x20 crc8.o
 .debug_aranges
                0x000000a8       0xb0 ds18x20.o
 .debug_aranges
                0x00000158       0x38 main.o
 .debug_aranges
                0x00000190       0x88 onewire.o
 .debug_aranges
                0x00000218       0x50 uart_addon.o

.debug_pubnames
                0x00000000      0x4fb
 *(.debug_pubnames)
 .debug_pubnames
                0x00000000       0xe7 uart.o
 .debug_pubnames
                0x000000e7       0x1b crc8.o
 .debug_pubnames
                0x00000102      0x1f2 ds18x20.o
 .debug_pubnames
                0x000002f4       0x2a main.o
 .debug_pubnames
                0x0000031e      0x139 onewire.o
 .debug_pubnames
                0x00000457       0xa4 uart_addon.o

.debug_info     0x00000000     0x28aa
 *(.debug_info)
 .debug_info    0x00000000      0x4f2 uart.o
 .debug_info    0x000004f2      0x102 crc8.o
 .debug_info    0x000005f4      0xf1a ds18x20.o
 .debug_info    0x0000150e      0xab1 main.o
 .debug_info    0x00001fbf      0x6ff onewire.o
 .debug_info    0x000026be      0x1ec uart_addon.o
 *(.gnu.linkonce.wi.*)

.debug_abbrev   0x00000000      0x95a
 *(.debug_abbrev)
 .debug_abbrev  0x00000000      0x140 uart.o
 .debug_abbrev  0x00000140       0xa6 crc8.o
 .debug_abbrev  0x000001e6      0x27f ds18x20.o
 .debug_abbrev  0x00000465      0x21c main.o
 .debug_abbrev  0x00000681      0x233 onewire.o
 .debug_abbrev  0x000008b4       0xa6 uart_addon.o

.debug_line     0x00000000     0x1d37
 *(.debug_line)
 .debug_line    0x00000000      0x477 uart.o
 .debug_line    0x00000477      0x108 crc8.o
 .debug_line    0x0000057f      0xa8d ds18x20.o
 .debug_line    0x0000100c      0x649 main.o
 .debug_line    0x00001655      0x543 onewire.o
 .debug_line    0x00001b98      0x19f uart_addon.o

.debug_frame    0x00000000      0x410
 *(.debug_frame)
 .debug_frame   0x00000000       0xf0 uart.o
 .debug_frame   0x000000f0       0x20 crc8.o
 .debug_frame   0x00000110      0x140 ds18x20.o
 .debug_frame   0x00000250       0x50 main.o
 .debug_frame   0x000002a0       0xf0 onewire.o
 .debug_frame   0x00000390       0x80 uart_addon.o

.debug_str      0x00000000      0x7cf
 *(.debug_str)
 .debug_str     0x00000000      0x228 uart.o
                                0x266 (size before relaxing)
 .debug_str     0x00000228       0x4b crc8.o
                                0x10f (size before relaxing)
 .debug_str     0x00000273      0x2f9 ds18x20.o
                                0x3fd (size before relaxing)
 .debug_str     0x0000056c       0x76 main.o
                                0x1a3 (size before relaxing)
 .debug_str     0x000005e2      0x167 onewire.o
                                0x282 (size before relaxing)
 .debug_str     0x00000749       0x86 uart_addon.o
                                0x140 (size before relaxing)

.debug_loc      0x00000000     0x15bc
 *(.debug_loc)
 .debug_loc     0x00000000      0x2c8 uart.o
 .debug_loc     0x000002c8       0x46 crc8.o
 .debug_loc     0x0000030e      0xbbd ds18x20.o
 .debug_loc     0x00000ecb      0x264 main.o
 .debug_loc     0x0000112f      0x37d onewire.o
 .debug_loc     0x000014ac      0x110 uart_addon.o

.debug_macinfo
 *(.debug_macinfo)
OUTPUT(ds1820_demo.elf elf32-avr)
LOAD linker stubs

.debug_ranges   0x00000000      0x388
 .debug_ranges  0x00000000       0x80 uart.o
 .debug_ranges  0x00000080       0x18 crc8.o
 .debug_ranges  0x00000098      0x110 ds18x20.o
 .debug_ranges  0x000001a8      0x100 main.o
 .debug_ranges  0x000002a8       0x98 onewire.o
 .debug_ranges  0x00000340       0x48 uart_addon.o
