RAM Allocation
Variable                                                          Address   Size
--------------------------------------------------------------------------------
rx_buffer                                                         0x0080       8
tx_buffer                                                         0x0088       8

EEPROM Allocation
Variable                                                          Address   Size
--------------------------------------------------------------------------------

Register Allocation
Variable                                                          Register  Size
--------------------------------------------------------------------------------
rx_wr_index                                                       R3           1
rx_rd_index                                                       R2           1
rx_counter                                                        R5           1
rx_buffer_overflow                                                GPIOR0.0  1bit
tx_wr_index                                                       R4           1
tx_rd_index                                                       R7           1
tx_counter                                                        R6           1
keys                                                              R9           1
